2026-08-25 17:59:10.637 | INFO     | core.application:initialize:55 - SteamMachine Core iniciando...
2026-08-25 17:59:10.648 | DEBUG    | core.events:subscribe:40 - Suscrito _on_boot a BOOT
2026-08-25 17:59:10.648 | DEBUG    | core.events:subscribe:40 - Suscrito _on_tag_detected a TAG_DETECTED
2026-08-25 17:59:10.648 | DEBUG    | core.events:subscribe:40 - Suscrito _on_tag_removed a TAG_REMOVED
2026-08-25 17:59:10.648 | DEBUG    | core.events:subscribe:40 - Suscrito _on_button a BUTTON
2026-08-25 17:59:10.648 | DEBUG    | core.events:subscribe:40 - Suscrito _on_error a ERROR
2026-08-25 17:59:10.719 | INFO     | devices.serial_manager:connect:62 - Conectado al ESP32 en COM7 @ 115200 bps
2026-08-25 17:59:10.720 | INFO     | core.application:run:78 - SteamMachine Core listo. Esperando eventos...
2026-08-25 18:01:39.541 | DEBUG    | core.events:publish:47 - Evento publicado: TAG_DETECTED {'uid': 'E76DC103'}
2026-08-25 18:01:39.541 | INFO     | core.application:_on_tag_detected:116 - Panel detectado: E76DC103
2026-08-25 18:01:39.542 | WARNING  | core.application:_on_tag_detected:120 - UID desconocido: E76DC103
2026-08-25 18:01:39.986 | DEBUG    | core.events:publish:47 - Evento publicado: TAG_REMOVED {}
2026-08-25 18:01:39.987 | INFO     | core.application:_on_tag_removed:132 - Panel retirado
2026-08-25 18:02:02.490 | DEBUG    | core.events:publish:47 - Evento publicado: TAG_DETECTED {'uid': 'E76DC103'}
2026-08-25 18:02:02.490 | INFO     | core.application:_on_tag_detected:116 - Panel detectado: E76DC103
2026-08-25 18:02:02.491 | WARNING  | core.application:_on_tag_detected:120 - UID desconocido: E76DC103
2026-08-25 18:02:02.936 | DEBUG    | core.events:publish:47 - Evento publicado: TAG_REMOVED {}
2026-08-25 18:02:02.936 | INFO     | core.application:_on_tag_removed:132 - Panel retirado
2026-08-25 18:02:04.591 | DEBUG    | core.events:publish:47 - Evento publicado: TAG_DETECTED {'uid': 'E76DC103'}
2026-08-25 18:02:04.591 | INFO     | core.application:_on_tag_detected:116 - Panel detectado: E76DC103
2026-08-25 18:02:04.592 | WARNING  | core.application:_on_tag_detected:120 - UID desconocido: E76DC103
2026-08-25 18:02:05.037 | DEBUG    | core.events:publish:47 - Evento publicado: TAG_REMOVED {}
2026-08-25 18:02:05.037 | INFO     | core.application:_on_tag_removed:132 - Panel retirado
2026-08-25 18:02:05.792 | DEBUG    | core.events:publish:47 - Evento publicado: TAG_DETECTED {'uid': 'E76DC103'}
2026-08-25 18:02:05.793 | INFO     | core.application:_on_tag_detected:116 - Panel detectado: E76DC103
2026-08-25 18:02:05.794 | WARNING  | core.application:_on_tag_detected:120 - UID desconocido: E76DC103
2026-08-25 18:02:06.237 | DEBUG    | core.events:publish:47 - Evento publicado: TAG_REMOVED {}
2026-08-25 18:02:06.237 | INFO     | core.application:_on_tag_removed:132 - Panel retirado
2026-08-25 18:02:06.842 | DEBUG    | core.events:publish:47 - Evento publicado: TAG_DETECTED {'uid': 'E76DC103'}
2026-08-25 18:02:06.842 | INFO     | core.application:_on_tag_detected:116 - Panel detectado: E76DC103
2026-08-25 18:02:06.843 | WARNING  | core.application:_on_tag_detected:120 - UID desconocido: E76DC103
2026-08-25 18:02:07.287 | DEBUG    | core.events:publish:47 - Evento publicado: TAG_REMOVED {}
2026-08-25 18:02:07.288 | INFO     | core.application:_on_tag_removed:132 - Panel retirado
2026-08-25 18:04:01.139 | DEBUG    | core.events:publish:47 - Evento publicado: TAG_DETECTED {'uid': '6739C003'}
2026-08-25 18:04:01.140 | INFO     | core.application:_on_tag_detected:116 - Panel detectado: 6739C003
2026-08-25 18:04:01.141 | WARNING  | core.application:_on_tag_detected:120 - UID desconocido: 6739C003
2026-08-25 18:04:01.585 | DEBUG    | core.events:publish:47 - Evento publicado: TAG_REMOVED {}
2026-08-25 18:04:01.585 | INFO     | core.application:_on_tag_removed:132 - Panel retirado
2026-08-25 18:04:44.127 | INFO     | core.application:shutdown:86 - Cerrando SteamMachine Core...
2026-08-25 18:06:11.099 | INFO     | core.application:initialize:55 - SteamMachine Core iniciando...
2026-08-25 18:06:11.111 | DEBUG    | core.events:subscribe:40 - Suscrito _on_boot a BOOT
2026-08-25 18:06:11.111 | DEBUG    | core.events:subscribe:40 - Suscrito _on_tag_detected a TAG_DETECTED
2026-08-25 18:06:11.111 | DEBUG    | core.events:subscribe:40 - Suscrito _on_tag_removed a TAG_REMOVED
2026-08-25 18:06:11.111 | DEBUG    | core.events:subscribe:40 - Suscrito _on_button a BUTTON
2026-08-25 18:06:11.111 | DEBUG    | core.events:subscribe:40 - Suscrito _on_error a ERROR
2026-08-25 18:06:11.140 | INFO     | devices.serial_manager:connect:62 - Conectado al ESP32 en COM7 @ 115200 bps
2026-08-25 18:06:11.142 | INFO     | core.application:run:78 - SteamMachine Core listo. Esperando eventos...
2026-08-25 18:06:15.835 | DEBUG    | core.events:publish:47 - Evento publicado: TAG_DETECTED {'uid': '6739C003'}
2026-08-25 18:06:15.835 | INFO     | core.application:_on_tag_detected:116 - Panel detectado: 6739C003
2026-08-25 18:06:15.836 | INFO     | core.application:_on_tag_detected:129 - Perfil 'Steam' listo. Esperando pulsador...
2026-08-25 18:06:16.281 | DEBUG    | core.events:publish:47 - Evento publicado: TAG_REMOVED {}
2026-08-25 18:06:16.281 | INFO     | core.application:_on_tag_removed:132 - Panel retirado
2026-08-25 18:06:18.535 | DEBUG    | core.events:publish:47 - Evento publicado: TAG_DETECTED {'uid': '6739C003'}
2026-08-25 18:06:18.535 | INFO     | core.application:_on_tag_detected:116 - Panel detectado: 6739C003
2026-08-25 18:06:18.537 | INFO     | core.application:_on_tag_detected:129 - Perfil 'Steam' listo. Esperando pulsador...
2026-08-25 18:06:18.981 | DEBUG    | core.events:publish:47 - Evento publicado: TAG_REMOVED {}
2026-08-25 18:06:18.981 | INFO     | core.application:_on_tag_removed:132 - Panel retirado
2026-08-25 18:06:21.986 | DEBUG    | core.events:publish:47 - Evento publicado: TAG_DETECTED {'uid': '6739C003'}
2026-08-25 18:06:21.986 | INFO     | core.application:_on_tag_detected:116 - Panel detectado: 6739C003
2026-08-25 18:06:21.988 | INFO     | core.application:_on_tag_detected:129 - Perfil 'Steam' listo. Esperando pulsador...
2026-08-25 18:06:22.432 | DEBUG    | core.events:publish:47 - Evento publicado: TAG_REMOVED {}
2026-08-25 18:06:22.432 | INFO     | core.application:_on_tag_removed:132 - Panel retirado
2026-08-25 18:06:24.536 | DEBUG    | core.events:publish:47 - Evento publicado: TAG_DETECTED {'uid': '6739C003'}
2026-08-25 18:06:24.537 | INFO     | core.application:_on_tag_detected:116 - Panel detectado: 6739C003
2026-08-25 18:06:24.538 | INFO     | core.application:_on_tag_detected:129 - Perfil 'Steam' listo. Esperando pulsador...
2026-08-25 18:06:24.983 | DEBUG    | core.events:publish:47 - Evento publicado: TAG_REMOVED {}
2026-08-25 18:06:24.983 | INFO     | core.application:_on_tag_removed:132 - Panel retirado
2026-08-25 18:06:32.636 | DEBUG    | core.events:publish:47 - Evento publicado: TAG_DETECTED {'uid': '6739C003'}
2026-08-25 18:06:32.637 | INFO     | core.application:_on_tag_detected:116 - Panel detectado: 6739C003
2026-08-25 18:06:32.639 | INFO     | core.application:_on_tag_detected:129 - Perfil 'Steam' listo. Esperando pulsador...
2026-08-25 18:06:33.081 | DEBUG    | core.events:publish:47 - Evento publicado: TAG_REMOVED {}
2026-08-25 18:06:33.082 | INFO     | core.application:_on_tag_removed:132 - Panel retirado
2026-08-25 18:06:34.886 | DEBUG    | core.events:publish:47 - Evento publicado: TAG_DETECTED {'uid': '6739C003'}
2026-08-25 18:06:34.886 | INFO     | core.application:_on_tag_detected:116 - Panel detectado: 6739C003
2026-08-25 18:06:34.887 | INFO     | core.application:_on_tag_detected:129 - Perfil 'Steam' listo. Esperando pulsador...
2026-08-25 18:06:35.333 | DEBUG    | core.events:publish:47 - Evento publicado: TAG_REMOVED {}
2026-08-25 18:06:35.333 | INFO     | core.application:_on_tag_removed:132 - Panel retirado
2026-08-25 18:06:36.986 | DEBUG    | core.events:publish:47 - Evento publicado: TAG_DETECTED {'uid': '6739C003'}
2026-08-25 18:06:36.986 | INFO     | core.application:_on_tag_detected:116 - Panel detectado: 6739C003
2026-08-25 18:06:36.988 | INFO     | core.application:_on_tag_detected:129 - Perfil 'Steam' listo. Esperando pulsador...
2026-08-25 18:06:37.433 | DEBUG    | core.events:publish:47 - Evento publicado: TAG_REMOVED {}
2026-08-25 18:06:37.434 | INFO     | core.application:_on_tag_removed:132 - Panel retirado
2026-08-25 18:08:38.529 | INFO     | core.application:shutdown:86 - Cerrando SteamMachine Core...
2026-08-25 18:25:30.816 | INFO     | core.application:initialize:55 - SteamMachine Core iniciando...
2026-08-25 18:25:30.817 | DEBUG    | core.events:subscribe:40 - Suscrito _on_boot a BOOT
2026-08-25 18:25:30.817 | DEBUG    | core.events:subscribe:40 - Suscrito _on_tag_detected a TAG_DETECTED
2026-08-25 18:25:30.818 | DEBUG    | core.events:subscribe:40 - Suscrito _on_tag_removed a TAG_REMOVED
2026-08-25 18:25:30.818 | DEBUG    | core.events:subscribe:40 - Suscrito _on_button a BUTTON
2026-08-25 18:25:30.818 | DEBUG    | core.events:subscribe:40 - Suscrito _on_error a ERROR
2026-08-25 18:25:30.861 | INFO     | devices.serial_manager:connect:62 - Conectado al ESP32 en COM7 @ 115200 bps
2026-08-25 18:25:30.863 | INFO     | core.application:run:78 - SteamMachine Core listo. Esperando eventos...
2026-08-25 18:25:35.454 | DEBUG    | core.events:publish:47 - Evento publicado: TAG_DETECTED {'uid': '6739C003'}
2026-08-25 18:25:35.455 | INFO     | core.application:_on_tag_detected:116 - Panel detectado: 6739C003
2026-08-25 18:25:35.457 | INFO     | core.application:_on_tag_detected:129 - Perfil 'Steam' listo. Esperando pulsador...
2026-08-25 18:25:35.901 | DEBUG    | core.events:publish:47 - Evento publicado: TAG_REMOVED {}
2026-08-25 18:25:35.901 | INFO     | core.application:_on_tag_removed:132 - Panel retirado
2026-08-25 18:25:38.305 | DEBUG    | core.events:publish:47 - Evento publicado: TAG_DETECTED {'uid': '6739C003'}
2026-08-25 18:25:38.305 | INFO     | core.application:_on_tag_detected:116 - Panel detectado: 6739C003
2026-08-25 18:25:38.307 | INFO     | core.application:_on_tag_detected:129 - Perfil 'Steam' listo. Esperando pulsador...
2026-08-25 18:25:38.752 | DEBUG    | core.events:publish:47 - Evento publicado: TAG_REMOVED {}
2026-08-25 18:25:38.752 | INFO     | core.application:_on_tag_removed:132 - Panel retirado
2026-08-25 18:25:41.755 | DEBUG    | core.events:publish:47 - Evento publicado: TAG_DETECTED {'uid': '6739C003'}
2026-08-25 18:25:41.755 | INFO     | core.application:_on_tag_detected:116 - Panel detectado: 6739C003
2026-08-25 18:25:41.756 | INFO     | core.application:_on_tag_detected:129 - Perfil 'Steam' listo. Esperando pulsador...
2026-08-25 18:25:42.201 | DEBUG    | core.events:publish:47 - Evento publicado: TAG_REMOVED {}
2026-08-25 18:25:42.201 | INFO     | core.application:_on_tag_removed:132 - Panel retirado
2026-08-25 18:25:44.455 | DEBUG    | core.events:publish:47 - Evento publicado: TAG_DETECTED {'uid': '6739C003'}
2026-08-25 18:25:44.456 | INFO     | core.application:_on_tag_detected:116 - Panel detectado: 6739C003
2026-08-25 18:25:44.457 | INFO     | core.application:_on_tag_detected:129 - Perfil 'Steam' listo. Esperando pulsador...
2026-08-25 18:25:44.901 | DEBUG    | core.events:publish:47 - Evento publicado: TAG_REMOVED {}
2026-08-25 18:25:44.901 | INFO     | core.application:_on_tag_removed:132 - Panel retirado
2026-08-25 18:31:26.623 | INFO     | core.application:shutdown:86 - Cerrando SteamMachine Core...
2026-08-25 18:31:36.016 | INFO     | core.application:initialize:55 - SteamMachine Core iniciando...
2026-08-25 18:31:36.017 | DEBUG    | core.events:subscribe:40 - Suscrito _on_boot a BOOT
2026-08-25 18:31:36.017 | DEBUG    | core.events:subscribe:40 - Suscrito _on_tag_detected a TAG_DETECTED
2026-08-25 18:31:36.017 | DEBUG    | core.events:subscribe:40 - Suscrito _on_tag_removed a TAG_REMOVED
2026-08-25 18:31:36.017 | DEBUG    | core.events:subscribe:40 - Suscrito _on_button a BUTTON
2026-08-25 18:31:36.017 | DEBUG    | core.events:subscribe:40 - Suscrito _on_error a ERROR
2026-08-25 18:31:36.195 | INFO     | devices.serial_manager:connect:62 - Conectado al ESP32 en COM7 @ 115200 bps
2026-08-25 18:31:36.199 | INFO     | core.application:run:78 - SteamMachine Core listo. Esperando eventos...
2026-08-25 18:31:40.394 | DEBUG    | core.events:publish:47 - Evento publicado: TAG_DETECTED {'uid': '6739C003'}
2026-08-25 18:31:40.395 | INFO     | core.application:_on_tag_detected:116 - Panel detectado: 6739C003
2026-08-25 18:31:40.396 | INFO     | core.application:_on_tag_detected:129 - Perfil 'Steam' listo. Esperando pulsador...
2026-08-25 18:31:40.841 | DEBUG    | core.events:publish:47 - Evento publicado: TAG_REMOVED {}
2026-08-25 18:31:40.841 | INFO     | core.application:_on_tag_removed:132 - Panel retirado
2026-08-25 18:31:43.244 | DEBUG    | core.events:publish:47 - Evento publicado: TAG_DETECTED {'uid': '6739C003'}
2026-08-25 18:31:43.245 | INFO     | core.application:_on_tag_detected:116 - Panel detectado: 6739C003
2026-08-25 18:31:43.246 | INFO     | core.application:_on_tag_detected:129 - Perfil 'Steam' listo. Esperando pulsador...
2026-08-25 18:31:43.691 | DEBUG    | core.events:publish:47 - Evento publicado: TAG_REMOVED {}
2026-08-25 18:31:43.691 | INFO     | core.application:_on_tag_removed:132 - Panel retirado
2026-08-25 18:31:45.795 | DEBUG    | core.events:publish:47 - Evento publicado: TAG_DETECTED {'uid': '6739C003'}
2026-08-25 18:31:45.796 | INFO     | core.application:_on_tag_detected:116 - Panel detectado: 6739C003
2026-08-25 18:31:45.797 | INFO     | core.application:_on_tag_detected:129 - Perfil 'Steam' listo. Esperando pulsador...
2026-08-25 18:31:46.241 | DEBUG    | core.events:publish:47 - Evento publicado: TAG_REMOVED {}
2026-08-25 18:31:46.241 | INFO     | core.application:_on_tag_removed:132 - Panel retirado
2026-08-25 18:33:10.420 | INFO     | core.application:initialize:55 - SteamMachine Core iniciando...
2026-08-25 18:33:10.423 | DEBUG    | core.events:subscribe:40 - Suscrito _on_boot a BOOT
2026-08-25 18:33:10.424 | DEBUG    | core.events:subscribe:40 - Suscrito _on_tag_detected a TAG_DETECTED
2026-08-25 18:33:10.424 | DEBUG    | core.events:subscribe:40 - Suscrito _on_tag_removed a TAG_REMOVED
2026-08-25 18:33:10.424 | DEBUG    | core.events:subscribe:40 - Suscrito _on_button a BUTTON
2026-08-25 18:33:10.424 | DEBUG    | core.events:subscribe:40 - Suscrito _on_error a ERROR
2026-08-25 18:33:10.455 | INFO     | devices.serial_manager:connect:62 - Conectado al ESP32 en COM7 @ 115200 bps
2026-08-25 18:33:10.457 | INFO     | core.application:run:78 - SteamMachine Core listo. Esperando eventos...
2026-08-25 18:33:14.143 | DEBUG    | core.events:publish:47 - Evento publicado: TAG_DETECTED {'uid': '6739C003'}
2026-08-25 18:33:14.143 | INFO     | core.application:_on_tag_detected:116 - Panel detectado: 6739C003
2026-08-25 18:33:14.145 | INFO     | core.application:_on_tag_detected:129 - Perfil 'Steam' listo. Esperando pulsador...
2026-08-25 18:33:14.588 | DEBUG    | core.events:publish:47 - Evento publicado: TAG_REMOVED {}
2026-08-25 18:33:14.589 | INFO     | core.application:_on_tag_removed:132 - Panel retirado
2026-08-25 18:33:17.443 | DEBUG    | core.events:publish:47 - Evento publicado: TAG_DETECTED {'uid': '6739C003'}
2026-08-25 18:33:17.443 | INFO     | core.application:_on_tag_detected:116 - Panel detectado: 6739C003
2026-08-25 18:33:17.445 | INFO     | core.application:_on_tag_detected:129 - Perfil 'Steam' listo. Esperando pulsador...
2026-08-25 18:33:17.888 | DEBUG    | core.events:publish:47 - Evento publicado: TAG_REMOVED {}
2026-08-25 18:33:17.889 | INFO     | core.application:_on_tag_removed:132 - Panel retirado
2026-08-25 18:33:20.743 | DEBUG    | core.events:publish:47 - Evento publicado: TAG_DETECTED {'uid': '6739C003'}
2026-08-25 18:33:20.744 | INFO     | core.application:_on_tag_detected:116 - Panel detectado: 6739C003
2026-08-25 18:33:20.744 | INFO     | core.application:_on_tag_detected:129 - Perfil 'Steam' listo. Esperando pulsador...
2026-08-25 18:33:21.191 | DEBUG    | core.events:publish:47 - Evento publicado: TAG_REMOVED {}
2026-08-25 18:33:21.191 | INFO     | core.application:_on_tag_removed:132 - Panel retirado
2026-08-25 18:33:24.794 | DEBUG    | core.events:publish:47 - Evento publicado: TAG_DETECTED {'uid': '6739C003'}
2026-08-25 18:33:24.794 | INFO     | core.application:_on_tag_detected:116 - Panel detectado: 6739C003
2026-08-25 18:33:24.796 | INFO     | core.application:_on_tag_detected:129 - Perfil 'Steam' listo. Esperando pulsador...
2026-08-25 18:33:25.240 | DEBUG    | core.events:publish:47 - Evento publicado: TAG_REMOVED {}
2026-08-25 18:33:25.240 | INFO     | core.application:_on_tag_removed:132 - Panel retirado
2026-08-25 18:33:52.401 | INFO     | core.application:shutdown:86 - Cerrando SteamMachine Core...
2026-08-25 18:33:56.321 | INFO     | core.application:initialize:55 - SteamMachine Core iniciando...
2026-08-25 18:33:56.322 | DEBUG    | core.events:subscribe:40 - Suscrito _on_boot a BOOT
2026-08-25 18:33:56.322 | DEBUG    | core.events:subscribe:40 - Suscrito _on_tag_detected a TAG_DETECTED
2026-08-25 18:33:56.322 | DEBUG    | core.events:subscribe:40 - Suscrito _on_tag_removed a TAG_REMOVED
2026-08-25 18:33:56.322 | DEBUG    | core.events:subscribe:40 - Suscrito _on_button a BUTTON
2026-08-25 18:33:56.322 | DEBUG    | core.events:subscribe:40 - Suscrito _on_error a ERROR
2026-08-25 18:33:56.340 | INFO     | devices.serial_manager:connect:62 - Conectado al ESP32 en COM7 @ 115200 bps
2026-08-25 18:33:56.341 | INFO     | core.application:run:78 - SteamMachine Core listo. Esperando eventos...
2026-08-25 18:34:51.386 | INFO     | core.application:shutdown:86 - Cerrando SteamMachine Core...
2026-08-25 18:34:55.826 | INFO     | core.application:initialize:55 - SteamMachine Core iniciando...
2026-08-25 18:34:55.827 | DEBUG    | core.events:subscribe:40 - Suscrito _on_boot a BOOT
2026-08-25 18:34:55.827 | DEBUG    | core.events:subscribe:40 - Suscrito _on_tag_detected a TAG_DETECTED
2026-08-25 18:34:55.827 | DEBUG    | core.events:subscribe:40 - Suscrito _on_tag_removed a TAG_REMOVED
2026-08-25 18:34:55.827 | DEBUG    | core.events:subscribe:40 - Suscrito _on_button a BUTTON
2026-08-25 18:34:55.827 | DEBUG    | core.events:subscribe:40 - Suscrito _on_error a ERROR
2026-08-25 18:34:55.844 | INFO     | devices.serial_manager:connect:62 - Conectado al ESP32 en COM7 @ 115200 bps
2026-08-25 18:34:55.845 | INFO     | core.application:run:78 - SteamMachine Core listo. Esperando eventos...
2026-08-25 18:36:46.780 | INFO     | core.application:initialize:55 - SteamMachine Core iniciando...
2026-08-25 18:36:46.782 | DEBUG    | core.events:subscribe:40 - Suscrito _on_boot a BOOT
2026-08-25 18:36:46.782 | DEBUG    | core.events:subscribe:40 - Suscrito _on_tag_detected a TAG_DETECTED
2026-08-25 18:36:46.782 | DEBUG    | core.events:subscribe:40 - Suscrito _on_tag_removed a TAG_REMOVED
2026-08-25 18:36:46.782 | DEBUG    | core.events:subscribe:40 - Suscrito _on_button a BUTTON
2026-08-25 18:36:46.782 | DEBUG    | core.events:subscribe:40 - Suscrito _on_error a ERROR
2026-08-25 18:36:46.814 | INFO     | devices.serial_manager:connect:62 - Conectado al ESP32 en COM7 @ 115200 bps
2026-08-25 18:36:46.815 | INFO     | core.application:run:78 - SteamMachine Core listo. Esperando eventos...
2026-08-25 18:37:02.321 | ERROR    | devices.serial_manager:_read_loop:128 - Error en el hilo de lectura serie: GetOverlappedResult failed (PermissionError(13, 'Acceso denegado.', None, 5))
2026-08-25 18:37:47.102 | INFO     | core.application:initialize:55 - SteamMachine Core iniciando...
2026-08-25 18:37:47.103 | DEBUG    | core.events:subscribe:40 - Suscrito _on_boot a BOOT
2026-08-25 18:37:47.103 | DEBUG    | core.events:subscribe:40 - Suscrito _on_tag_detected a TAG_DETECTED
2026-08-25 18:37:47.103 | DEBUG    | core.events:subscribe:40 - Suscrito _on_tag_removed a TAG_REMOVED
2026-08-25 18:37:47.103 | DEBUG    | core.events:subscribe:40 - Suscrito _on_button a BUTTON
2026-08-25 18:37:47.103 | DEBUG    | core.events:subscribe:40 - Suscrito _on_error a ERROR
2026-08-25 18:37:47.119 | INFO     | devices.serial_manager:connect:62 - Conectado al ESP32 en COM7 @ 115200 bps
2026-08-25 18:37:47.121 | INFO     | core.application:run:78 - SteamMachine Core listo. Esperando eventos...
2026-08-25 18:37:50.070 | DEBUG    | core.events:publish:47 - Evento publicado: TAG_DETECTED {'uid': 'F2BAC203'}
2026-08-25 18:37:50.070 | INFO     | core.application:_on_tag_detected:116 - Panel detectado: F2BAC203
2026-08-25 18:37:50.071 | WARNING  | core.application:_on_tag_detected:120 - UID desconocido: F2BAC203
2026-08-25 18:37:50.515 | DEBUG    | core.events:publish:47 - Evento publicado: TAG_REMOVED {}
2026-08-25 18:37:50.516 | INFO     | core.application:_on_tag_removed:132 - Panel retirado
2026-08-25 18:37:57.121 | DEBUG    | core.events:publish:47 - Evento publicado: TAG_DETECTED {'uid': '6739C003'}
2026-08-25 18:37:57.121 | INFO     | core.application:_on_tag_detected:116 - Panel detectado: 6739C003
2026-08-25 18:37:57.131 | INFO     | core.application:_on_tag_detected:129 - Perfil 'Steam' listo. Esperando pulsador...
2026-08-25 18:37:57.566 | DEBUG    | core.events:publish:47 - Evento publicado: TAG_REMOVED {}
2026-08-25 18:37:57.567 | INFO     | core.application:_on_tag_removed:132 - Panel retirado
2026-08-25 18:38:29.669 | DEBUG    | core.events:publish:47 - Evento publicado: TAG_DETECTED {'uid': '6739C003'}
2026-08-25 18:38:29.670 | INFO     | core.application:_on_tag_detected:116 - Panel detectado: 6739C003
2026-08-25 18:38:29.672 | INFO     | core.application:_on_tag_detected:129 - Perfil 'Steam' listo. Esperando pulsador...
2026-08-25 18:38:30.115 | DEBUG    | core.events:publish:47 - Evento publicado: TAG_REMOVED {}
2026-08-25 18:38:30.116 | INFO     | core.application:_on_tag_removed:132 - Panel retirado
2026-08-25 18:38:32.519 | DEBUG    | core.events:publish:47 - Evento publicado: TAG_DETECTED {'uid': '6739C003'}
2026-08-25 18:38:32.519 | INFO     | core.application:_on_tag_detected:116 - Panel detectado: 6739C003
2026-08-25 18:38:32.520 | INFO     | core.application:_on_tag_detected:129 - Perfil 'Steam' listo. Esperando pulsador...
2026-08-25 18:38:32.965 | DEBUG    | core.events:publish:47 - Evento publicado: TAG_REMOVED {}
2026-08-25 18:38:32.965 | INFO     | core.application:_on_tag_removed:132 - Panel retirado
2026-08-25 18:57:39.986 | INFO     | core.application:initialize:55 - SteamMachine Core iniciando...
2026-08-25 18:57:39.988 | DEBUG    | core.events:subscribe:40 - Suscrito _on_boot a BOOT
2026-08-25 18:57:39.988 | DEBUG    | core.events:subscribe:40 - Suscrito _on_tag_detected a TAG_DETECTED
2026-08-25 18:57:39.988 | DEBUG    | core.events:subscribe:40 - Suscrito _on_tag_removed a TAG_REMOVED
2026-08-25 18:57:39.988 | DEBUG    | core.events:subscribe:40 - Suscrito _on_button a BUTTON
2026-08-25 18:57:39.988 | DEBUG    | core.events:subscribe:40 - Suscrito _on_error a ERROR
2026-08-25 18:57:40.072 | INFO     | devices.serial_manager:connect:62 - Conectado al ESP32 en COM7 @ 115200 bps
2026-08-25 18:57:40.111 | INFO     | core.application:run:78 - SteamMachine Core listo. Esperando eventos...
2026-08-25 18:57:40.112 | WARNING  | devices.serial_manager:_handle_line:142 - Linea serie no es JSON valido: 'ets Jul 29 2019 12:21:46'
2026-08-25 18:57:40.114 | WARNING  | devices.serial_manager:_handle_line:142 - Linea serie no es JSON valido: 'rst:0x1 (POWERON_RESET),boot:0x13 (SPI_FAST_FLASH_BOOT)'
2026-08-25 18:57:40.115 | WARNING  | devices.serial_manager:_handle_line:142 - Linea serie no es JSON valido: 'configsip: 0, SPIWP:0xee'
2026-08-25 18:57:40.117 | WARNING  | devices.serial_manager:_handle_line:142 - Linea serie no es JSON valido: 'clk_drv:0x00,q_drv:0x00,d_drv:0x00,cs0_drv:0x00,hd_drv:0x00,wp_drv:0x00'
2026-08-25 18:57:40.144 | WARNING  | devices.serial_manager:_handle_line:142 - Linea serie no es JSON valido: 'mode:DIO, clock div:2'
2026-08-25 18:57:40.145 | WARNING  | devices.serial_manager:_handle_line:142 - Linea serie no es JSON valido: 'load:0x3fff0030,len:1184'
2026-08-25 18:57:40.146 | WARNING  | devices.serial_manager:_handle_line:142 - Linea serie no es JSON valido: 'load:0x40078000,len:13232'
2026-08-25 18:57:40.147 | WARNING  | devices.serial_manager:_handle_line:142 - Linea serie no es JSON valido: 'load:0x40080400,len:3028'
2026-08-25 18:57:40.147 | WARNING  | devices.serial_manager:_handle_line:142 - Linea serie no es JSON valido: 'entry 0x400805e4'
2026-08-25 18:57:40.352 | DEBUG    | core.events:publish:47 - Evento publicado: BOOT {'firmware': '1.0.0'}
2026-08-25 18:57:40.353 | INFO     | core.application:_on_boot:111 - ESP32 arrancado (firmware=1.0.0)
2026-08-25 18:58:51.738 | INFO     | core.application:shutdown:86 - Cerrando SteamMachine Core...
2026-08-25 18:59:00.378 | INFO     | core.application:initialize:55 - SteamMachine Core iniciando...
2026-08-25 18:59:00.379 | DEBUG    | core.events:subscribe:40 - Suscrito _on_boot a BOOT
2026-08-25 18:59:00.379 | DEBUG    | core.events:subscribe:40 - Suscrito _on_tag_detected a TAG_DETECTED
2026-08-25 18:59:00.379 | DEBUG    | core.events:subscribe:40 - Suscrito _on_tag_removed a TAG_REMOVED
2026-08-25 18:59:00.379 | DEBUG    | core.events:subscribe:40 - Suscrito _on_button a BUTTON
2026-08-25 18:59:00.379 | DEBUG    | core.events:subscribe:40 - Suscrito _on_error a ERROR
2026-08-25 18:59:00.420 | INFO     | devices.serial_manager:connect:62 - Conectado al ESP32 en COM7 @ 115200 bps
2026-08-25 18:59:00.422 | INFO     | core.application:run:78 - SteamMachine Core listo. Esperando eventos...
2026-08-25 18:59:04.104 | DEBUG    | core.events:publish:47 - Evento publicado: TAG_DETECTED {'uid': '6739C003'}
2026-08-25 18:59:04.104 | INFO     | core.application:_on_tag_detected:116 - Panel detectado: 6739C003
2026-08-25 18:59:04.106 | INFO     | core.application:_on_tag_detected:129 - Perfil 'Steam' listo. Esperando pulsador...
2026-08-25 18:59:10.875 | DEBUG    | core.events:publish:47 - Evento publicado: TAG_REMOVED {}
2026-08-25 18:59:10.875 | INFO     | core.application:_on_tag_removed:132 - Panel retirado
2026-08-25 18:59:12.203 | DEBUG    | core.events:publish:47 - Evento publicado: TAG_DETECTED {'uid': '6739C003'}
2026-08-25 18:59:12.203 | INFO     | core.application:_on_tag_detected:116 - Panel detectado: 6739C003
2026-08-25 18:59:12.204 | INFO     | core.application:_on_tag_detected:129 - Perfil 'Steam' listo. Esperando pulsador...
2026-08-25 18:59:24.075 | DEBUG    | core.events:publish:47 - Evento publicado: TAG_REMOVED {}
2026-08-25 18:59:24.076 | INFO     | core.application:_on_tag_removed:132 - Panel retirado
2026-08-25 18:59:26.753 | DEBUG    | core.events:publish:47 - Evento publicado: TAG_DETECTED {'uid': '6739C003'}
2026-08-25 18:59:26.753 | INFO     | core.application:_on_tag_detected:116 - Panel detectado: 6739C003
2026-08-25 18:59:26.755 | INFO     | core.application:_on_tag_detected:129 - Perfil 'Steam' listo. Esperando pulsador...
2026-08-25 18:59:28.725 | DEBUG    | core.events:publish:47 - Evento publicado: TAG_REMOVED {}
2026-08-25 18:59:28.725 | INFO     | core.application:_on_tag_removed:132 - Panel retirado
2026-08-25 19:01:31.527 | ERROR    | devices.serial_manager:_read_loop:128 - Error en el hilo de lectura serie: GetOverlappedResult failed (PermissionError(13, 'Acceso denegado.', None, 5))
2026-08-25 19:53:41.561 | INFO     | core.application:initialize:55 - SteamMachine Core iniciando...
2026-08-25 19:53:41.565 | DEBUG    | core.events:subscribe:40 - Suscrito _on_boot a BOOT
2026-08-25 19:53:41.566 | DEBUG    | core.events:subscribe:40 - Suscrito _on_tag_detected a TAG_DETECTED
2026-08-25 19:53:41.566 | DEBUG    | core.events:subscribe:40 - Suscrito _on_tag_removed a TAG_REMOVED
2026-08-25 19:53:41.566 | DEBUG    | core.events:subscribe:40 - Suscrito _on_button a BUTTON
2026-08-25 19:53:41.566 | DEBUG    | core.events:subscribe:40 - Suscrito _on_error a ERROR
2026-08-25 19:53:41.623 | INFO     | devices.serial_manager:connect:62 - Conectado al ESP32 en COM7 @ 115200 bps
2026-08-25 19:53:41.624 | INFO     | core.application:run:78 - SteamMachine Core listo. Esperando eventos...
2026-08-25 19:53:45.185 | DEBUG    | core.events:publish:47 - Evento publicado: TAG_DETECTED {'uid': '6739C003'}
2026-08-25 19:53:45.185 | INFO     | core.application:_on_tag_detected:116 - Panel detectado: 6739C003
2026-08-25 19:53:45.186 | INFO     | core.application:_on_tag_detected:129 - Perfil 'Steam' listo. Esperando pulsador...
2026-08-25 19:53:48.656 | DEBUG    | core.events:publish:47 - Evento publicado: TAG_REMOVED {}
2026-08-25 19:53:48.656 | INFO     | core.application:_on_tag_removed:132 - Panel retirado
2026-08-25 19:53:51.635 | DEBUG    | core.events:publish:47 - Evento publicado: TAG_DETECTED {'uid': '6739C003'}
2026-08-25 19:53:51.635 | INFO     | core.application:_on_tag_detected:116 - Panel detectado: 6739C003
2026-08-25 19:53:51.639 | INFO     | core.application:_on_tag_detected:129 - Perfil 'Steam' listo. Esperando pulsador...
2026-08-25 19:53:59.582 | DEBUG    | core.events:publish:47 - Evento publicado: TAG_REMOVED {}
2026-08-25 19:53:59.582 | INFO     | core.application:_on_tag_removed:132 - Panel retirado
2026-08-25 19:54:22.671 | INFO     | core.application:shutdown:86 - Cerrando SteamMachine Core...
2026-08-25 19:54:25.964 | INFO     | core.application:initialize:55 - SteamMachine Core iniciando...
2026-08-25 19:54:25.965 | DEBUG    | core.events:subscribe:40 - Suscrito _on_boot a BOOT
2026-08-25 19:54:25.966 | DEBUG    | core.events:subscribe:40 - Suscrito _on_tag_detected a TAG_DETECTED
2026-08-25 19:54:25.966 | DEBUG    | core.events:subscribe:40 - Suscrito _on_tag_removed a TAG_REMOVED
2026-08-25 19:54:25.966 | DEBUG    | core.events:subscribe:40 - Suscrito _on_button a BUTTON
2026-08-25 19:54:25.966 | DEBUG    | core.events:subscribe:40 - Suscrito _on_error a ERROR
2026-08-25 19:54:25.983 | INFO     | devices.serial_manager:connect:62 - Conectado al ESP32 en COM7 @ 115200 bps
2026-08-25 19:54:25.986 | INFO     | core.application:run:78 - SteamMachine Core listo. Esperando eventos...
2026-08-25 19:55:02.682 | INFO     | core.application:initialize:55 - SteamMachine Core iniciando...
2026-08-25 19:55:02.684 | DEBUG    | core.events:subscribe:40 - Suscrito _on_boot a BOOT
2026-08-25 19:55:02.684 | DEBUG    | core.events:subscribe:40 - Suscrito _on_tag_detected a TAG_DETECTED
2026-08-25 19:55:02.684 | DEBUG    | core.events:subscribe:40 - Suscrito _on_tag_removed a TAG_REMOVED
2026-08-25 19:55:02.684 | DEBUG    | core.events:subscribe:40 - Suscrito _on_button a BUTTON
2026-08-25 19:55:02.685 | DEBUG    | core.events:subscribe:40 - Suscrito _on_error a ERROR
2026-08-25 19:55:02.704 | INFO     | devices.serial_manager:connect:62 - Conectado al ESP32 en COM7 @ 115200 bps
2026-08-25 19:55:02.706 | INFO     | core.application:run:78 - SteamMachine Core listo. Esperando eventos...
2026-08-25 19:55:51.404 | ERROR    | devices.serial_manager:_read_loop:128 - Error en el hilo de lectura serie: GetOverlappedResult failed (PermissionError(13, 'Acceso denegado.', None, 5))
2026-08-25 19:56:07.225 | INFO     | core.application:shutdown:86 - Cerrando SteamMachine Core...
2026-08-25 19:56:10.714 | INFO     | core.application:initialize:55 - SteamMachine Core iniciando...
2026-08-25 19:56:10.716 | DEBUG    | core.events:subscribe:40 - Suscrito _on_boot a BOOT
2026-08-25 19:56:10.716 | DEBUG    | core.events:subscribe:40 - Suscrito _on_tag_detected a TAG_DETECTED
2026-08-25 19:56:10.716 | DEBUG    | core.events:subscribe:40 - Suscrito _on_tag_removed a TAG_REMOVED
2026-08-25 19:56:10.716 | DEBUG    | core.events:subscribe:40 - Suscrito _on_button a BUTTON
2026-08-25 19:56:10.716 | DEBUG    | core.events:subscribe:40 - Suscrito _on_error a ERROR
2026-08-25 19:56:10.747 | INFO     | devices.serial_manager:connect:62 - Conectado al ESP32 en COM7 @ 115200 bps
2026-08-25 19:56:10.748 | INFO     | core.application:run:78 - SteamMachine Core listo. Esperando eventos...
2026-08-25 19:56:15.405 | DEBUG    | core.events:publish:47 - Evento publicado: TAG_REMOVED {}
2026-08-25 19:56:15.405 | INFO     | core.application:_on_tag_removed:132 - Panel retirado
2026-08-25 19:56:21.683 | DEBUG    | core.events:publish:47 - Evento publicado: TAG_DETECTED {'uid': '6739C003'}
2026-08-25 19:56:21.683 | INFO     | core.application:_on_tag_detected:116 - Panel detectado: 6739C003
2026-08-25 19:56:21.685 | INFO     | core.application:_on_tag_detected:129 - Perfil 'Steam' listo. Esperando pulsador...
2026-08-25 19:56:40.629 | DEBUG    | core.events:publish:47 - Evento publicado: BUTTON {}
2026-08-25 19:56:40.630 | INFO     | core.application:_on_button:143 - Lanzando plataforma: steam
2026-08-25 19:56:40.646 | ERROR    | launcher.base_plugin:_spawn:62 - steam: comando no encontrado: steam
2026-08-25 19:56:41.013 | DEBUG    | core.events:publish:47 - Evento publicado: BUTTON {}
2026-08-25 19:56:41.014 | INFO     | core.application:_on_button:143 - Lanzando plataforma: steam
2026-08-25 19:56:41.021 | ERROR    | launcher.base_plugin:_spawn:62 - steam: comando no encontrado: steam
2026-08-25 19:56:42.386 | DEBUG    | core.events:publish:47 - Evento publicado: BUTTON {}
2026-08-25 19:56:42.386 | INFO     | core.application:_on_button:143 - Lanzando plataforma: steam
2026-08-25 19:56:42.393 | ERROR    | launcher.base_plugin:_spawn:62 - steam: comando no encontrado: steam
2026-08-25 19:58:17.352 | DEBUG    | core.events:publish:47 - Evento publicado: TAG_REMOVED {}
2026-08-25 19:58:17.353 | INFO     | core.application:_on_tag_removed:132 - Panel retirado
2026-08-25 20:00:01.576 | DEBUG    | core.events:publish:47 - Evento publicado: TAG_DETECTED {'uid': '6739C003'}
2026-08-25 20:00:01.577 | INFO     | core.application:_on_tag_detected:116 - Panel detectado: 6739C003
2026-08-25 20:00:01.580 | INFO     | core.application:_on_tag_detected:129 - Perfil 'Steam' listo. Esperando pulsador...
2026-08-25 20:00:08.347 | DEBUG    | core.events:publish:47 - Evento publicado: BUTTON {}
2026-08-25 20:00:08.348 | INFO     | core.application:_on_button:143 - Lanzando plataforma: steam
2026-08-25 20:00:08.360 | ERROR    | launcher.base_plugin:_spawn:62 - steam: comando no encontrado: steam
2026-08-25 20:00:08.818 | DEBUG    | core.events:publish:47 - Evento publicado: BUTTON {}
2026-08-25 20:00:08.818 | INFO     | core.application:_on_button:143 - Lanzando plataforma: steam
2026-08-25 20:00:08.824 | ERROR    | launcher.base_plugin:_spawn:62 - steam: comando no encontrado: steam
2026-08-25 20:00:12.086 | DEBUG    | core.events:publish:47 - Evento publicado: BUTTON {}
2026-08-25 20:00:12.087 | INFO     | core.application:_on_button:143 - Lanzando plataforma: steam
2026-08-25 20:00:12.102 | ERROR    | launcher.base_plugin:_spawn:62 - steam: comando no encontrado: steam
2026-08-25 20:00:12.547 | DEBUG    | core.events:publish:47 - Evento publicado: BUTTON {}
2026-08-25 20:00:12.548 | INFO     | core.application:_on_button:143 - Lanzando plataforma: steam
2026-08-25 20:00:12.554 | ERROR    | launcher.base_plugin:_spawn:62 - steam: comando no encontrado: steam
2026-08-25 20:01:13.446 | DEBUG    | core.events:publish:47 - Evento publicado: TAG_REMOVED {}
2026-08-25 20:01:13.446 | INFO     | core.application:_on_tag_removed:132 - Panel retirado
2026-08-25 20:01:16.424 | DEBUG    | core.events:publish:47 - Evento publicado: TAG_DETECTED {'uid': '6739C003'}
2026-08-25 20:01:16.425 | INFO     | core.application:_on_tag_detected:116 - Panel detectado: 6739C003
2026-08-25 20:01:16.431 | INFO     | core.application:_on_tag_detected:129 - Perfil 'Steam' listo. Esperando pulsador...
2026-08-25 20:01:18.396 | DEBUG    | core.events:publish:47 - Evento publicado: TAG_REMOVED {}
2026-08-25 20:01:18.396 | INFO     | core.application:_on_tag_removed:132 - Panel retirado
2026-09-05 22:30:45.666 | INFO     | core.application:initialize:55 - SteamMachine Core iniciando...
2026-09-05 22:30:45.689 | DEBUG    | core.events:subscribe:40 - Suscrito _on_boot a BOOT
2026-09-05 22:30:45.689 | DEBUG    | core.events:subscribe:40 - Suscrito _on_tag_detected a TAG_DETECTED
2026-09-05 22:30:45.689 | DEBUG    | core.events:subscribe:40 - Suscrito _on_tag_removed a TAG_REMOVED
2026-09-05 22:30:45.689 | DEBUG    | core.events:subscribe:40 - Suscrito _on_button a BUTTON
2026-09-05 22:30:45.689 | DEBUG    | core.events:subscribe:40 - Suscrito _on_error a ERROR
2026-09-05 22:30:45.760 | INFO     | devices.serial_manager:connect:62 - Conectado al ESP32 en COM7 @ 115200 bps
2026-09-05 22:30:45.762 | INFO     | core.application:run:78 - SteamMachine Core listo. Esperando eventos...
2026-09-05 22:31:28.511 | DEBUG    | core.events:publish:47 - Evento publicado: TAG_DETECTED {'uid': '6739C003'}
2026-09-05 22:31:28.512 | INFO     | core.application:_on_tag_detected:116 - Panel detectado: 6739C003
2026-09-05 22:31:28.520 | INFO     | core.application:_on_tag_detected:129 - Perfil 'Steam' listo. Esperando pulsador...
2026-09-05 22:31:33.483 | DEBUG    | core.events:publish:47 - Evento publicado: TAG_REMOVED {}
2026-09-05 22:31:33.484 | INFO     | core.application:_on_tag_removed:132 - Panel retirado
2026-09-05 22:31:35.189 | DEBUG    | core.events:publish:47 - Evento publicado: BUTTON {}
2026-09-05 22:31:35.189 | DEBUG    | core.application:_on_button:139 - Boton pulsado sin panel activo, se ignora
2026-09-05 22:31:37.210 | DEBUG    | core.events:publish:47 - Evento publicado: TAG_DETECTED {'uid': '6739C003'}
2026-09-05 22:31:37.210 | INFO     | core.application:_on_tag_detected:116 - Panel detectado: 6739C003
2026-09-05 22:31:37.212 | INFO     | core.application:_on_tag_detected:129 - Perfil 'Steam' listo. Esperando pulsador...
2026-09-05 22:31:38.490 | DEBUG    | core.events:publish:47 - Evento publicado: BUTTON {}
2026-09-05 22:31:38.490 | INFO     | core.application:_on_button:143 - Lanzando plataforma: steam
2026-09-05 22:31:38.502 | ERROR    | launcher.base_plugin:_spawn:62 - steam: comando no encontrado: steam
2026-09-05 22:31:43.683 | DEBUG    | core.events:publish:47 - Evento publicado: TAG_REMOVED {}
2026-09-05 22:31:43.684 | INFO     | core.application:_on_tag_removed:132 - Panel retirado
2026-09-05 22:31:49.062 | DEBUG    | core.events:publish:47 - Evento publicado: TAG_DETECTED {'uid': '6739C003'}
2026-09-05 22:31:49.062 | INFO     | core.application:_on_tag_detected:116 - Panel detectado: 6739C003
2026-09-05 22:31:49.066 | INFO     | core.application:_on_tag_detected:129 - Perfil 'Steam' listo. Esperando pulsador...
2026-09-05 22:31:53.635 | DEBUG    | core.events:publish:47 - Evento publicado: BUTTON {}
2026-09-05 22:31:53.635 | INFO     | core.application:_on_button:143 - Lanzando plataforma: steam
2026-09-05 22:31:53.644 | ERROR    | launcher.base_plugin:_spawn:62 - steam: comando no encontrado: steam
2026-09-05 22:31:55.532 | DEBUG    | core.events:publish:47 - Evento publicado: TAG_REMOVED {}
2026-09-05 22:31:55.533 | INFO     | core.application:_on_tag_removed:132 - Panel retirado
2026-09-05 22:32:03.103 | ERROR    | devices.serial_manager:_read_loop:128 - Error en el hilo de lectura serie: GetOverlappedResult failed (PermissionError(13, 'Acceso denegado.', None, 5))
2026-09-05 22:34:14.875 | INFO     | core.application:initialize:55 - SteamMachine Core iniciando...
2026-09-05 22:34:14.877 | DEBUG    | core.events:subscribe:40 - Suscrito _on_boot a BOOT
2026-09-05 22:34:14.878 | DEBUG    | core.events:subscribe:40 - Suscrito _on_tag_detected a TAG_DETECTED
2026-09-05 22:34:14.878 | DEBUG    | core.events:subscribe:40 - Suscrito _on_tag_removed a TAG_REMOVED
2026-09-05 22:34:14.878 | DEBUG    | core.events:subscribe:40 - Suscrito _on_button a BUTTON
2026-09-05 22:34:14.878 | DEBUG    | core.events:subscribe:40 - Suscrito _on_error a ERROR
2026-09-05 22:34:14.954 | INFO     | devices.serial_manager:connect:62 - Conectado al ESP32 en COM7 @ 115200 bps
2026-09-05 22:34:14.958 | INFO     | core.application:run:78 - SteamMachine Core listo. Esperando eventos...
2026-09-05 22:34:17.706 | DEBUG    | core.events:publish:47 - Evento publicado: TAG_REMOVED {}
2026-09-05 22:34:17.706 | INFO     | core.application:_on_tag_removed:132 - Panel retirado
2026-09-05 22:34:20.234 | DEBUG    | core.events:publish:47 - Evento publicado: TAG_DETECTED {'uid': '6739C003'}
2026-09-05 22:34:20.235 | INFO     | core.application:_on_tag_detected:116 - Panel detectado: 6739C003
2026-09-05 22:34:20.237 | INFO     | core.application:_on_tag_detected:129 - Perfil 'Steam' listo. Esperando pulsador...
2026-09-05 22:34:23.105 | DEBUG    | core.events:publish:47 - Evento publicado: BUTTON {}
2026-09-05 22:34:23.105 | INFO     | core.application:_on_button:143 - Lanzando plataforma: steam
2026-09-05 22:34:23.132 | ERROR    | launcher.base_plugin:_spawn:62 - steam: comando no encontrado: steam
2026-09-05 22:34:31.506 | DEBUG    | core.events:publish:47 - Evento publicado: TAG_REMOVED {}
2026-09-05 22:34:31.506 | INFO     | core.application:_on_tag_removed:132 - Panel retirado
2026-09-05 22:34:35.085 | DEBUG    | core.events:publish:47 - Evento publicado: TAG_DETECTED {'uid': '6739C003'}
2026-09-05 22:34:35.085 | INFO     | core.application:_on_tag_detected:116 - Panel detectado: 6739C003
2026-09-05 22:34:35.089 | INFO     | core.application:_on_tag_detected:129 - Perfil 'Steam' listo. Esperando pulsador...
2026-09-05 22:34:36.757 | DEBUG    | core.events:publish:47 - Evento publicado: TAG_REMOVED {}
2026-09-05 22:34:36.757 | INFO     | core.application:_on_tag_removed:132 - Panel retirado
2026-09-05 22:34:59.384 | DEBUG    | core.events:publish:47 - Evento publicado: TAG_DETECTED {'uid': '56A1C003'}
2026-09-05 22:34:59.384 | INFO     | core.application:_on_tag_detected:116 - Panel detectado: 56A1C003
2026-09-05 22:34:59.386 | INFO     | core.application:_on_tag_detected:129 - Perfil 'Zombies - HOTD 2 Remake' listo. Esperando pulsador...
2026-09-05 22:35:02.556 | DEBUG    | core.events:publish:47 - Evento publicado: TAG_REMOVED {}
2026-09-05 22:35:02.557 | INFO     | core.application:_on_tag_removed:132 - Panel retirado
2026-09-05 22:35:06.584 | DEBUG    | core.events:publish:47 - Evento publicado: TAG_DETECTED {'uid': '112FC103'}
2026-09-05 22:35:06.584 | INFO     | core.application:_on_tag_detected:116 - Panel detectado: 112FC103
2026-09-05 22:35:06.586 | INFO     | core.application:_on_tag_detected:129 - Perfil 'Zombies - HOTD Remake' listo. Esperando pulsador...
2026-09-05 22:35:08.255 | DEBUG    | core.events:publish:47 - Evento publicado: TAG_REMOVED {}
2026-09-05 22:35:08.255 | INFO     | core.application:_on_tag_removed:132 - Panel retirado
2026-09-05 22:35:11.383 | DEBUG    | core.events:publish:47 - Evento publicado: TAG_DETECTED {'uid': 'E76DC103'}
2026-09-05 22:35:11.383 | INFO     | core.application:_on_tag_detected:116 - Panel detectado: E76DC103
2026-09-05 22:35:11.384 | INFO     | core.application:_on_tag_detected:129 - Perfil 'RetroDECK' listo. Esperando pulsador...
2026-09-05 22:35:13.654 | DEBUG    | core.events:publish:47 - Evento publicado: TAG_REMOVED {}
2026-09-05 22:35:13.654 | INFO     | core.application:_on_tag_removed:132 - Panel retirado
2026-09-05 22:35:20.083 | DEBUG    | core.events:publish:47 - Evento publicado: TAG_DETECTED {'uid': '6739C003'}
2026-09-05 22:35:20.083 | INFO     | core.application:_on_tag_detected:116 - Panel detectado: 6739C003
2026-09-05 22:35:20.087 | INFO     | core.application:_on_tag_detected:129 - Perfil 'Steam' listo. Esperando pulsador...
2026-09-05 22:35:25.055 | DEBUG    | core.events:publish:47 - Evento publicado: TAG_REMOVED {}
2026-09-05 22:35:25.056 | INFO     | core.application:_on_tag_removed:132 - Panel retirado
2026-09-05 22:35:26.983 | DEBUG    | core.events:publish:47 - Evento publicado: TAG_DETECTED {'uid': 'E76DC103'}
2026-09-05 22:35:26.983 | INFO     | core.application:_on_tag_detected:116 - Panel detectado: E76DC103
2026-09-05 22:35:26.985 | INFO     | core.application:_on_tag_detected:129 - Perfil 'RetroDECK' listo. Esperando pulsador...
2026-09-05 22:35:30.753 | DEBUG    | core.events:publish:47 - Evento publicado: TAG_REMOVED {}
2026-09-05 22:35:30.754 | INFO     | core.application:_on_tag_removed:132 - Panel retirado
2026-09-05 22:35:32.533 | DEBUG    | core.events:publish:47 - Evento publicado: TAG_DETECTED {'uid': '6739C003'}
2026-09-05 22:35:32.533 | INFO     | core.application:_on_tag_detected:116 - Panel detectado: 6739C003
2026-09-05 22:35:32.534 | INFO     | core.application:_on_tag_detected:129 - Perfil 'Steam' listo. Esperando pulsador...
2026-09-05 22:35:36.171 | DEBUG    | core.events:publish:47 - Evento publicado: BUTTON {}
2026-09-05 22:35:36.171 | INFO     | core.application:_on_button:143 - Lanzando plataforma: steam
2026-09-05 22:35:36.177 | ERROR    | launcher.base_plugin:_spawn:62 - steam: comando no encontrado: steam
2026-09-05 22:35:37.804 | DEBUG    | core.events:publish:47 - Evento publicado: TAG_REMOVED {}
2026-09-05 22:35:37.804 | INFO     | core.application:_on_tag_removed:132 - Panel retirado
2026-09-05 22:35:39.732 | DEBUG    | core.events:publish:47 - Evento publicado: TAG_DETECTED {'uid': 'E76DC103'}
2026-09-05 22:35:39.732 | INFO     | core.application:_on_tag_detected:116 - Panel detectado: E76DC103
2026-09-05 22:35:39.734 | INFO     | core.application:_on_tag_detected:129 - Perfil 'RetroDECK' listo. Esperando pulsador...
2026-09-05 22:35:42.374 | DEBUG    | core.events:publish:47 - Evento publicado: BUTTON {}
2026-09-05 22:35:42.375 | INFO     | core.application:_on_button:143 - Lanzando plataforma: retrodeck
2026-09-05 22:35:42.382 | ERROR    | launcher.base_plugin:_spawn:62 - retrodeck: comando no encontrado: flatpak
2026-09-05 22:35:44.404 | DEBUG    | core.events:publish:47 - Evento publicado: TAG_REMOVED {}
2026-09-05 22:35:44.404 | INFO     | core.application:_on_tag_removed:132 - Panel retirado
2026-09-05 22:35:46.482 | DEBUG    | core.events:publish:47 - Evento publicado: TAG_DETECTED {'uid': '56A1C003'}
2026-09-05 22:35:46.482 | INFO     | core.application:_on_tag_detected:116 - Panel detectado: 56A1C003
2026-09-05 22:35:46.484 | INFO     | core.application:_on_tag_detected:129 - Perfil 'Zombies - HOTD 2 Remake' listo. Esperando pulsador...
2026-09-05 22:35:49.138 | DEBUG    | core.events:publish:47 - Evento publicado: BUTTON {}
2026-09-05 22:35:49.139 | INFO     | core.application:_on_button:143 - Lanzando plataforma: hotd2_remake
2026-09-05 22:35:49.149 | ERROR    | launcher.base_plugin:_spawn:62 - hotd2_remake: comando no encontrado: steam
2026-09-05 22:35:50.859 | DEBUG    | core.events:publish:47 - Evento publicado: TAG_REMOVED {}
2026-09-05 22:35:50.860 | INFO     | core.application:_on_tag_removed:132 - Panel retirado
2026-09-05 22:35:52.638 | DEBUG    | core.events:publish:47 - Evento publicado: TAG_DETECTED {'uid': '112FC103'}
2026-09-05 22:35:52.638 | INFO     | core.application:_on_tag_detected:116 - Panel detectado: 112FC103
2026-09-05 22:35:52.640 | INFO     | core.application:_on_tag_detected:129 - Perfil 'Zombies - HOTD Remake' listo. Esperando pulsador...
2026-09-05 22:35:56.619 | DEBUG    | core.events:publish:47 - Evento publicado: BUTTON {}
2026-09-05 22:35:56.620 | INFO     | core.application:_on_button:143 - Lanzando plataforma: hotd_remake
2026-09-05 22:35:56.629 | ERROR    | launcher.base_plugin:_spawn:62 - hotd_remake: comando no encontrado: steam
2026-09-05 22:36:03.910 | DEBUG    | core.events:publish:47 - Evento publicado: TAG_REMOVED {}
2026-09-05 22:36:03.911 | INFO     | core.application:_on_tag_removed:132 - Panel retirado
2026-09-05 22:36:10.338 | DEBUG    | core.events:publish:47 - Evento publicado: TAG_DETECTED {'uid': '6739C003'}
2026-09-05 22:36:10.339 | INFO     | core.application:_on_tag_detected:116 - Panel detectado: 6739C003
2026-09-05 22:36:10.342 | INFO     | core.application:_on_tag_detected:129 - Perfil 'Steam' listo. Esperando pulsador...
2026-09-05 22:36:14.409 | DEBUG    | core.events:publish:47 - Evento publicado: TAG_REMOVED {}
2026-09-05 22:36:14.410 | INFO     | core.application:_on_tag_removed:132 - Panel retirado
2026-09-05 22:36:16.937 | DEBUG    | core.events:publish:47 - Evento publicado: TAG_DETECTED {'uid': 'E76DC103'}
2026-09-05 22:36:16.938 | INFO     | core.application:_on_tag_detected:116 - Panel detectado: E76DC103
2026-09-05 22:36:16.939 | INFO     | core.application:_on_tag_detected:129 - Perfil 'RetroDECK' listo. Esperando pulsador...
2026-09-05 22:36:18.009 | DEBUG    | core.events:publish:47 - Evento publicado: TAG_REMOVED {}
2026-09-05 22:36:18.010 | INFO     | core.application:_on_tag_removed:132 - Panel retirado
2026-09-05 22:36:54.842 | ERROR    | devices.serial_manager:_read_loop:128 - Error en el hilo de lectura serie: GetOverlappedResult failed (PermissionError(13, 'Acceso denegado.', None, 5))
